Bot 1 start 🟡
areas.json gevonden 🟢🖼️
areas.json geladen 🟢
Offsets aan 🟢🖼️
Coords klaar 🟢🖼️
Overlay gemaakt 🟢🖼️
Bot 1 start 🟡
areas.json gevonden 🟢🖼️
areas.json geladen 🟢
Offsets aan 🟢🖼️
Coords klaar 🟢🖼️
Overlay gemaakt 🟢🖼️
Bot 1 start 🟡
areas.json gevonden 🟢🖼️
areas.json geladen 🟢
Offsets aan 🟢🖼️
Coords klaar 🟢🖼️
Overlay gemaakt 🟢🖼️
Bot 1 start 🟡
areas.json gevonden 🟢🖼️
areas.json geladen 🟢
Offsets aan 🟢🖼️
Coords klaar 🟢🖼️
Overlay gemaakt 🟢🖼️
Bot 1 start 🟡
areas.json gevonden 🟢🖼️
areas.json geladen 🟢
Offsets aan 🟢🖼️
Coords klaar 🟢🖼️
Overlay gemaakt 🟢🖼️
Bot 1 start 🟡
areas.json gevonden 🟢🖼️
areas.json geladen 🟢
Offsets aan 🟢🖼️
Coords klaar 🟢🖼️
Overlay gemaakt 🟢🖼️
Bot 1 start 🟡
areas.json gevonden 🟢🖼️
areas.json geladen 🟢
Offsets aan 🟢🖼️
Coords klaar 🟢🖼️
Overlay gemaakt 🟢🖼️
Bot 1 start 🟡
areas.json gevonden 🟢🖼️
areas.json geladen 🟢
Offsets aan 🟢🖼️
Coords klaar 🟢🖼️
Overlay gemaakt 🟢🖼️
Bot 1 start 🟡
areas.json gevonden 🟢🖼️
areas.json geladen 🟢
Offsets aan 🟢🖼️
Coords klaar 🟢🖼️
Overlay gemaakt 🟢🖼️
Bot 1 start 🟡
areas.json gevonden 🟢🖼️
areas.json geladen 🟢
Offsets aan 🟢🖼️
Coords klaar 🟢🖼️
Overlay gemaakt 🟢🖼️
Bot 1 start 🟡
areas.json gevonden 🟢🖼️
areas.json geladen 🟢
Offsets aan 🟢🖼️
Coords klaar 🟢🖼️
Overlay gemaakt 🟢🖼️
Bot 1 start 🟡
areas.json gevonden 🟢🖼️
areas.json geladen 🟢
Offsets aan 🟢🖼️
Coords klaar 🟢🖼️
Overlay gemaakt 🟢🖼️
Bot 1 start 🟡
areas.json gevonden 🟢🖼️
areas.json geladen 🟢
Offsets aan 🟢🖼️
Coords klaar 🟢🖼️
Overlay gemaakt 🟢🖼️
Bot 1 start 🟡
areas.json gevonden 🟢🖼️
areas.json geladen 🟢
Offsets aan 🟢🖼️
Coords klaar 🟢🖼️
Overlay gemaakt 🟢🖼️
Bot 1 start 🟡
areas.json gevonden 🟢🖼️
areas.json geladen 🟢
Offsets aan 🟢🖼️
Coords klaar 🟢🖼️
Overlay gemaakt 🟢🖼️
Bot 1 start 🟡
areas.json gevonden 🟢🖼️
areas.json geladen 🟢
Offsets aan 🟢🖼️
Coords klaar 🟢🖼️
Overlay gemaakt 🟢🖼️
Bot 1 start 🟡
areas.json gevonden 🟢🖼️
areas.json geladen 🟢
Offsets aan 🟢🖼️
Coords klaar 🟢🖼️
Overlay gemaakt 🟢🖼️
Bot 1 start 🟡
areas.json gevonden 🟢🖼️
areas.json geladen 🟢
Offsets aan 🟢🖼️
Coords klaar 🟢🖼️
Overlay gemaakt 🟢🖼️
Bot 1 start 🟡
areas.json gevonden 🟢🖼️
areas.json geladen 🟢
Offsets aan 🟢🖼️
Coords klaar 🟢🖼️
Overlay gemaakt 🟢🖼️
Bot 1 start 🟡
areas.json gevonden 🟢🖼️
areas.json geladen 🟢
Offsets aan 🟢🖼️
Coords klaar 🟢🖼️
Overlay gemaakt 🟢🖼️
Bot 1 start 🟡
areas.json gevonden 🟢🖼️
areas.json geladen 🟢
Offsets aan 🟢🖼️
Coords klaar 🟢🖼️
Overlay gemaakt 🟢🖼️
Bot 1 start 🟡
areas.json gevonden 🟢🖼️
areas.json geladen 🟢
Offsets aan 🟢🖼️
Coords klaar 🟢🖼️
Overlay gemaakt 🟢🖼️
Bot 1 start 🟡
areas.json gevonden 🟢🖼️
areas.json geladen 🟢
Offsets aan 🟢🖼️
Coords klaar 🟢🖼️
Overlay gemaakt 🟢🖼️
Bot 1 start 🟡
areas.json gevonden 🟢🖼️
areas.json geladen 🟢
Offsets aan 🟢🖼️
Coords klaar 🟢🖼️
Overlay gemaakt 🟢🖼️
Bot 1 start 🟡
areas.json gevonden 🟢🖼️
areas.json geladen 🟢
Offsets aan 🟢🖼️
Coords klaar 🟢🖼️
Overlay gemaakt 🟢🖼️
Bot 1 start 🟡
areas.json gevonden 🟢🖼️
areas.json geladen 🟢
Offsets aan 🟢🖼️
Coords klaar 🟢🖼️
Overlay gemaakt 🟢🖼️
Bot 1 start 🟡
areas.json gevonden 🟢🖼️
areas.json geladen 🟢
Offsets aan 🟢🖼️
Coords klaar 🟢🖼️
Overlay gemaakt 🟢🖼️
Bot 1 start 🟡
areas.json gevonden 🟢🖼️
areas.json geladen 🟢
Offsets aan 🟢🖼️
Coords klaar 🟢🖼️
Overlay gemaakt 🟢🖼️
Bot 1 start 🟡
areas.json gevonden 🟢🖼️
areas.json geladen 🟢
Offsets aan 🟢🖼️
Coords klaar 🟢🖼️
Overlay gemaakt 🟢🖼️
Bot 1 start 🟡
areas.json gevonden 🟢🖼️
areas.json geladen 🟢
Offsets aan 🟢🖼️
Coords klaar 🟢🖼️
Overlay gemaakt 🟢🖼️
Bot 1 start 🟡
areas.json gevonden 🟢🖼️
areas.json geladen 🟢
Offsets aan 🟢🖼️
Coords klaar 🟢🖼️
Overlay gemaakt 🟢🖼️
